[16:25:44] INFO  session_watcher v2 iniciado
[16:25:44] INFO  Monitorando INBOX: C:\Users\Usuário\Documents\GitHub\DEUS-DO-OBISIDIAN\INBOX
[16:25:44] INFO  Debounce: 30s | Poll: 10s
[16:25:44] INFO  Arquivos existentes no INBOX: 0
[17:24:33] INFO  session_watcher v2 iniciado
[17:24:33] INFO  Monitorando INBOX: C:\Users\Usuário\Documents\GitHub\DEUS-DO-OBISIDIAN\INBOX
[17:24:33] INFO  Debounce: 30s | Poll: 10s
[17:24:33] INFO  Arquivos existentes no INBOX: 0
[18:26:02] INFO  session_watcher v2 iniciado
[18:26:02] INFO  Monitorando INBOX: C:\Users\Usuário\Documents\GitHub\DEUS-DO-OBISIDIAN\INBOX
[18:26:02] INFO  Debounce: 30s | Poll: 10s
[18:26:02] INFO  Arquivos existentes no INBOX: 0
[21:15:35] INFO  session_watcher v2 iniciado
[21:15:35] INFO  Monitorando INBOX: C:\Users\Usuário\Documents\GitHub\DEUS-DO-OBISIDIAN\INBOX
[21:15:35] INFO  Debounce: 30s | Poll: 10s
[21:15:36] INFO  Arquivos existentes no INBOX: 0
[18:39:04] INFO  session_watcher v2 iniciado
[18:39:04] INFO  Monitorando INBOX: C:\Users\Usuário\Documents\GitHub\DEUS-DO-OBISIDIAN\INBOX
[18:39:04] INFO  Debounce: 30s | Poll: 10s
[18:39:04] INFO  Arquivos existentes no INBOX: 0
[22:38:39] INFO  session_watcher v2 iniciado
[22:38:39] INFO  Monitorando INBOX: C:\Users\Usuário\Documents\GitHub\DEUS-DO-OBISIDIAN\INBOX
[22:38:39] INFO  Debounce: 30s | Poll: 10s
[22:38:39] INFO  Arquivos existentes no INBOX: 0
[16:18:05] INFO  session_watcher v2 iniciado
[16:18:05] INFO  Monitorando INBOX: C:\Users\Usuário\Documents\GitHub\DEUS-DO-OBISIDIAN\INBOX
[16:18:05] INFO  Debounce: 30s | Poll: 10s
[16:18:05] INFO  Arquivos existentes no INBOX: 0
[19:04:40] INFO  session_watcher v2 iniciado
[19:04:40] INFO  Monitorando INBOX: C:\Users\Usuário\Documents\GitHub\DEUS-DO-OBISIDIAN\INBOX
[19:04:40] INFO  Debounce: 30s | Poll: 10s
[19:04:40] INFO  Arquivos existentes no INBOX: 0
[09:16:03] INFO  session_watcher v2 iniciado
[09:16:03] INFO  Monitorando INBOX: C:\Users\Usuário\Documents\GitHub\DEUS-DO-OBISIDIAN\INBOX
[09:16:03] INFO  Debounce: 30s | Poll: 10s
[09:16:03] INFO  Arquivos existentes no INBOX: 0
[22:25:21] INFO  session_watcher v2 iniciado
[22:25:21] INFO  Monitorando INBOX: C:\Users\Usuário\Documents\GitHub\DEUS-DO-OBISIDIAN\INBOX
[22:25:21] INFO  Debounce: 30s | Poll: 10s
[22:25:21] INFO  Arquivos existentes no INBOX: 0
[17:04:38] WARNING  Watcher já rodando (PID 13336). Saindo.
[16:43:15] INFO  session_watcher v2 iniciado
[16:43:15] INFO  Monitorando INBOX: C:\Users\Usuário\Documents\GitHub\DEUS-DO-OBISIDIAN\INBOX
[16:43:15] INFO  Debounce: 30s | Poll: 10s
[16:43:15] INFO  Arquivos existentes no INBOX: 0
[22:31:02] INFO  session_watcher v2 iniciado
[22:31:02] INFO  Monitorando INBOX: C:\Users\Usuário\Documents\GitHub\DEUS-DO-OBISIDIAN\INBOX
[22:31:02] INFO  Debounce: 30s | Poll: 10s
[22:31:02] INFO  Arquivos existentes no INBOX: 0
[10:53:32] INFO  session_watcher v2 iniciado
[10:53:32] INFO  Monitorando INBOX: C:\Users\Usuário\Documents\GitHub\DEUS-DO-OBISIDIAN\INBOX
[10:53:32] INFO  Debounce: 30s | Poll: 10s
[10:53:32] INFO  Arquivos existentes no INBOX: 0
[17:08:48] INFO  session_watcher v2 iniciado
[17:08:48] INFO  Monitorando INBOX: C:\Users\Usuário\Documents\GitHub\DEUS-DO-OBISIDIAN\INBOX
[17:08:48] INFO  Debounce: 30s | Poll: 10s
[17:08:48] INFO  Arquivos existentes no INBOX: 0
[20:20:04] INFO  session_watcher v2 iniciado
[20:20:04] INFO  Monitorando INBOX: C:\Users\Usuário\Documents\GitHub\DEUS-DO-OBISIDIAN\INBOX
[20:20:04] INFO  Debounce: 30s | Poll: 10s
[20:20:04] INFO  Arquivos existentes no INBOX: 0
[13:48:48] INFO  session_watcher v2 iniciado
[13:48:48] INFO  Monitorando INBOX: C:\Users\Usuário\Documents\GitHub\DEUS-DO-OBISIDIAN\INBOX
[13:48:48] INFO  Debounce: 30s | Poll: 10s
[13:48:48] INFO  Arquivos existentes no INBOX: 0
[19:26:55] INFO  session_watcher v2 iniciado
[19:26:55] INFO  Monitorando INBOX: C:\Users\Usuário\Documents\GitHub\DEUS-DO-OBISIDIAN\INBOX
[19:26:55] INFO  Debounce: 30s | Poll: 10s
[19:26:55] INFO  Arquivos existentes no INBOX: 0
[07:14:22] INFO  session_watcher v2 iniciado
[07:14:22] INFO  Monitorando INBOX: C:\Users\Usuário\Documents\GitHub\DEUS-DO-OBISIDIAN\INBOX
[07:14:22] INFO  Debounce: 30s | Poll: 10s
[07:14:22] INFO  Arquivos existentes no INBOX: 0
[18:06:59] INFO  session_watcher v2 iniciado
[18:06:59] INFO  Monitorando INBOX: C:\Users\Usuário\Documents\GitHub\DEUS-DO-OBISIDIAN\INBOX
[18:06:59] INFO  Debounce: 30s | Poll: 10s
[18:06:59] INFO  Arquivos existentes no INBOX: 0
[17:08:31] INFO  session_watcher v2 iniciado
[17:08:31] INFO  Monitorando INBOX: C:\Users\Usuário\Documents\GitHub\DEUS-DO-OBISIDIAN\INBOX
[17:08:31] INFO  Debounce: 30s | Poll: 10s
[17:08:31] INFO  Arquivos existentes no INBOX: 0
[18:31:59] INFO  session_watcher v2 iniciado
[18:31:59] INFO  Monitorando INBOX: C:\Users\Usuário\Documents\GitHub\DEUS-DO-OBISIDIAN\INBOX
[18:31:59] INFO  Debounce: 30s | Poll: 10s
[18:31:59] INFO  Arquivos existentes no INBOX: 0
[11:56:17] INFO  session_watcher v2 iniciado
[11:56:17] INFO  Monitorando INBOX: C:\Users\Usuário\Documents\GitHub\DEUS-DO-OBISIDIAN\INBOX
[11:56:17] INFO  Debounce: 30s | Poll: 10s
[11:56:17] INFO  Arquivos existentes no INBOX: 0
[14:34:17] INFO  session_watcher v2 iniciado
[14:34:17] INFO  Monitorando INBOX: C:\Users\Usuário\Documents\GitHub\DEUS-DO-OBISIDIAN\INBOX
[14:34:17] INFO  Debounce: 30s | Poll: 10s
[14:34:17] INFO  Arquivos existentes no INBOX: 0
[18:14:20] INFO  session_watcher v2 iniciado
[18:14:20] INFO  Monitorando INBOX: C:\Users\Usuário\Documents\GitHub\DEUS-DO-OBISIDIAN\INBOX
[18:14:20] INFO  Debounce: 30s | Poll: 10s
[18:14:20] INFO  Arquivos existentes no INBOX: 0
[17:06:18] INFO  session_watcher v2 iniciado
[17:06:18] INFO  Monitorando INBOX: C:\Users\Usuário\Documents\GitHub\DEUS-DO-OBISIDIAN\INBOX
[17:06:18] INFO  Debounce: 30s | Poll: 10s
[17:06:18] INFO  Arquivos existentes no INBOX: 0
[09:40:15] INFO  session_watcher v2 iniciado
[09:40:15] INFO  Monitorando INBOX: C:\Users\Usuário\Documents\GitHub\DEUS-DO-OBISIDIAN\INBOX
[09:40:15] INFO  Debounce: 30s | Poll: 10s
[09:40:15] INFO  Arquivos existentes no INBOX: 0
[12:36:37] INFO  session_watcher v2 iniciado
[12:36:37] INFO  Monitorando INBOX: C:\Users\Usuário\Documents\GitHub\DEUS-DO-OBISIDIAN\INBOX
[12:36:37] INFO  Debounce: 30s | Poll: 10s
[12:36:37] INFO  Arquivos existentes no INBOX: 0
[15:21:53] INFO  session_watcher v2 iniciado
[15:21:53] INFO  Monitorando INBOX: C:\Users\Usuário\Documents\GitHub\DEUS-DO-OBISIDIAN\INBOX
[15:21:53] INFO  Debounce: 30s | Poll: 10s
[15:21:53] INFO  Arquivos existentes no INBOX: 0
[12:30:02] INFO  session_watcher v2 iniciado
[12:30:02] INFO  Monitorando INBOX: C:\Users\Usuário\Documents\GitHub\DEUS-DO-OBISIDIAN\INBOX
[12:30:02] INFO  Debounce: 30s | Poll: 10s
[12:30:02] INFO  Arquivos existentes no INBOX: 0
[10:24:36] INFO  session_watcher v2 iniciado
[10:24:36] INFO  Monitorando INBOX: C:\Users\Usuário\Documents\GitHub\DEUS-DO-OBISIDIAN\INBOX
[10:24:36] INFO  Debounce: 30s | Poll: 10s
[10:24:36] INFO  Arquivos existentes no INBOX: 0
[18:11:03] INFO  session_watcher v2 iniciado
[18:11:03] INFO  Monitorando INBOX: C:\Users\Usuário\Documents\GitHub\DEUS-DO-OBISIDIAN\INBOX
[18:11:03] INFO  Debounce: 30s | Poll: 10s
[18:11:03] INFO  Arquivos existentes no INBOX: 0
[09:14:59] INFO  session_watcher v2 iniciado
[09:14:59] INFO  Monitorando INBOX: C:\Users\Usuário\Documents\GitHub\DEUS-DO-OBISIDIAN\INBOX
[09:14:59] INFO  Debounce: 30s | Poll: 10s
[09:14:59] INFO  Arquivos existentes no INBOX: 0
[13:40:36] INFO  session_watcher v2 iniciado
[13:40:36] INFO  Monitorando INBOX: C:\Users\Usuário\Documents\GitHub\DEUS-DO-OBISIDIAN\INBOX
[13:40:36] INFO  Debounce: 30s | Poll: 10s
[13:40:36] INFO  Arquivos existentes no INBOX: 0
[18:25:55] INFO  session_watcher v2 iniciado
[18:25:55] INFO  Monitorando INBOX: C:\Users\Usuário\Documents\GitHub\DEUS-DO-OBISIDIAN\INBOX
[18:25:55] INFO  Debounce: 30s | Poll: 10s
[18:25:55] INFO  Arquivos existentes no INBOX: 0
[19:38:55] INFO  session_watcher v2 iniciado
[19:38:55] INFO  Monitorando INBOX: C:\Users\Usuário\Documents\GitHub\DEUS-DO-OBISIDIAN\INBOX
[19:38:55] INFO  Debounce: 30s | Poll: 10s
[19:38:55] INFO  Arquivos existentes no INBOX: 0
[22:21:07] INFO  session_watcher v2 iniciado
[22:21:07] INFO  Monitorando INBOX: C:\Users\Usuário\Documents\GitHub\DEUS-DO-OBISIDIAN\INBOX
[22:21:07] INFO  Debounce: 30s | Poll: 10s
[22:21:07] INFO  Arquivos existentes no INBOX: 0
